Release 14.6 Map P.68d (nt64)
Xilinx Map Application Log File for Design 'fb_less_2d_gpu_standalone'

Design Information
------------------
Command Line   : map -intstyle ise -p xc6slx45-fgg676-2 -w -logic_opt off -ol
high -t 1 -xt 0 -register_duplication off -r 4 -global_opt off -mt off -ir off
-pr off -lc off -power off -o fb_less_2d_gpu_standalone_map.ncd
fb_less_2d_gpu_standalone.ngd fb_less_2d_gpu_standalone.pcf 
Target Device  : xc6slx45
Target Package : fgg676
Target Speed   : -2
Mapper Version : spartan6 -- $Revision: 1.55 $
Mapped Date    : Mon Jun 05 22:04:43 2017

Mapping design into LUTs...
Running directed packing...
Running delay-based LUT packing...
Updating timing models...
INFO:Map:215 - The Interim Design Summary has been generated in the MAP Report
   (.mrp).
Running timing-driven placement...
Total REAL time at the beginning of Placer: 37 secs 
Total CPU  time at the beginning of Placer: 28 secs 

Phase 1.1  Initial Placement Analysis
Phase 1.1  Initial Placement Analysis (Checksum:ab2e3153) REAL time: 42 secs 

Phase 2.7  Design Feasibility Check
Phase 2.7  Design Feasibility Check (Checksum:ab2e3153) REAL time: 44 secs 

Phase 3.31  Local Placement Optimization
Phase 3.31  Local Placement Optimization (Checksum:ab2e3153) REAL time: 44 secs 

Phase 4.2  Initial Placement for Architecture Specific Features

Phase 4.2  Initial Placement for Architecture Specific Features
(Checksum:3512c4c0) REAL time: 58 secs 

Phase 5.36  Local Placement Optimization
Phase 5.36  Local Placement Optimization (Checksum:3512c4c0) REAL time: 58 secs 

Phase 6.30  Global Clock Region Assignment
Phase 6.30  Global Clock Region Assignment (Checksum:3512c4c0) REAL time: 58 secs 

Phase 7.3  Local Placement Optimization
Phase 7.3  Local Placement Optimization (Checksum:3512c4c0) REAL time: 58 secs 

Phase 8.5  Local Placement Optimization
Phase 8.5  Local Placement Optimization (Checksum:3512c4c0) REAL time: 58 secs 

Phase 9.8  Global Placement
..................................
...............
Phase 9.8  Global Placement (Checksum:7092bf56) REAL time: 1 mins 12 secs 

Phase 10.5  Local Placement Optimization
Phase 10.5  Local Placement Optimization (Checksum:7092bf56) REAL time: 1 mins 12 secs 

Phase 11.18  Placement Optimization
Phase 11.18  Placement Optimization (Checksum:dd770165) REAL time: 1 mins 32 secs 

Phase 12.5  Local Placement Optimization
Phase 12.5  Local Placement Optimization (Checksum:dd770165) REAL time: 1 mins 32 secs 

Phase 13.34  Placement Validation
Phase 13.34  Placement Validation (Checksum:a5948aac) REAL time: 1 mins 32 secs 

Total REAL time to Placer completion: 1 mins 47 secs 
Total CPU  time to Placer completion: 1 mins 33 secs 
Running post-placement packing...
Writing output files...
WARNING:PhysDesignRules:372 - Gated clock. Clock net
   fb_less_2d_gpu_i/current_state_s[4]_GND_2958_o_Mux_7052_o is sourced by a
   combinatorial pin. This is not good design practice. Use the CE pin to
   control the loading of data into the flip-flop.
WARNING:PhysDesignRules:372 - Gated clock. Clock net
   fb_less_2d_gpu_i/current_state_s[4]_GND_2830_o_Mux_6796_o is sourced by a
   combinatorial pin. This is not good design practice. Use the CE pin to
   control the loading of data into the flip-flop.
WARNING:PhysDesignRules:372 - Gated clock. Clock net
   fb_less_2d_gpu_i/current_state_s[4]_GND_3102_o_Mux_7340_o is sourced by a
   combinatorial pin. This is not good design practice. Use the CE pin to
   control the loading of data into the flip-flop.
WARNING:PhysDesignRules:372 - Gated clock. Clock net
   fb_less_2d_gpu_i/current_state_s[4]_GND_2974_o_Mux_7084_o is sourced by a
   combinatorial pin. This is not good design practice. Use the CE pin to
   control the loading of data into the flip-flop.
WARNING:PhysDesignRules:372 - Gated clock. Clock net
   fb_less_2d_gpu_i/current_state_s[4]_GND_2846_o_Mux_6828_o is sourced by a
   combinatorial pin. This is not good design practice. Use the CE pin to
   control the loading of data into the flip-flop.
WARNING:PhysDesignRules:372 - Gated clock. Clock net
   fb_less_2d_gpu_i/current_state_s[4]_GND_2862_o_Mux_6860_o is sourced by a
   combinatorial pin. This is not good design practice. Use the CE pin to
   control the loading of data into the flip-flop.
WARNING:PhysDesignRules:372 - Gated clock. Clock net
   fb_less_2d_gpu_i/current_state_s[4]_GND_2990_o_Mux_7116_o is sourced by a
   combinatorial pin. This is not good design practice. Use the CE pin to
   control the loading of data into the flip-flop.
WARNING:PhysDesignRules:372 - Gated clock. Clock net
   fb_less_2d_gpu_i/current_state_s[4]_GND_3118_o_Mux_7372_o is sourced by a
   combinatorial pin. This is not good design practice. Use the CE pin to
   control the loading of data into the flip-flop.
WARNING:PhysDesignRules:372 - Gated clock. Clock net
   fb_less_2d_gpu_i/current_state_s[4]_GND_2878_o_Mux_6892_o is sourced by a
   combinatorial pin. This is not good design practice. Use the CE pin to
   control the loading of data into the flip-flop.
WARNING:PhysDesignRules:372 - Gated clock. Clock net
   fb_less_2d_gpu_i/current_state_s[4]_GND_3006_o_Mux_7148_o is sourced by a
   combinatorial pin. This is not good design practice. Use the CE pin to
   control the loading of data into the flip-flop.
WARNING:PhysDesignRules:372 - Gated clock. Clock net
   fb_less_2d_gpu_i/current_state_s[4]_GND_2894_o_Mux_6924_o is sourced by a
   combinatorial pin. This is not good design practice. Use the CE pin to
   control the loading of data into the flip-flop.
WARNING:PhysDesignRules:372 - Gated clock. Clock net
   fb_less_2d_gpu_i/current_state_s[4]_GND_3022_o_Mux_7180_o is sourced by a
   combinatorial pin. This is not good design practice. Use the CE pin to
   control the loading of data into the flip-flop.
WARNING:PhysDesignRules:372 - Gated clock. Clock net
   fb_less_2d_gpu_i/current_state_s[4]_GND_3038_o_Mux_7212_o is sourced by a
   combinatorial pin. This is not good design practice. Use the CE pin to
   control the loading of data into the flip-flop.
WARNING:PhysDesignRules:372 - Gated clock. Clock net
   fb_less_2d_gpu_i/current_state_s[4]_GND_2910_o_Mux_6956_o is sourced by a
   combinatorial pin. This is not good design practice. Use the CE pin to
   control the loading of data into the flip-flop.
WARNING:PhysDesignRules:372 - Gated clock. Clock net
   fb_less_2d_gpu_i/current_state_s[4]_GND_2926_o_Mux_6988_o is sourced by a
   combinatorial pin. This is not good design practice. Use the CE pin to
   control the loading of data into the flip-flop.
WARNING:PhysDesignRules:372 - Gated clock. Clock net
   fb_less_2d_gpu_i/current_state_s[4]_GND_3054_o_Mux_7244_o is sourced by a
   combinatorial pin. This is not good design practice. Use the CE pin to
   control the loading of data into the flip-flop.
WARNING:PhysDesignRules:372 - Gated clock. Clock net
   fb_less_2d_gpu_i/current_state_s[4]_GND_3070_o_Mux_7276_o is sourced by a
   combinatorial pin. This is not good design practice. Use the CE pin to
   control the loading of data into the flip-flop.
WARNING:PhysDesignRules:372 - Gated clock. Clock net
   fb_less_2d_gpu_i/current_state_s[4]_GND_3086_o_Mux_7308_o is sourced by a
   combinatorial pin. This is not good design practice. Use the CE pin to
   control the loading of data into the flip-flop.
WARNING:PhysDesignRules:372 - Gated clock. Clock net
   fb_less_2d_gpu_i/current_state_s[4]_GND_2622_o_Mux_6380_o is sourced by a
   combinatorial pin. This is not good design practice. Use the CE pin to
   control the loading of data into the flip-flop.
WARNING:PhysDesignRules:372 - Gated clock. Clock net
   fb_less_2d_gpu_i/current_state_s[4]_GND_2638_o_Mux_6412_o is sourced by a
   combinatorial pin. This is not good design practice. Use the CE pin to
   control the loading of data into the flip-flop.
WARNING:PhysDesignRules:372 - Gated clock. Clock net
   fb_less_2d_gpu_i/current_state_s[4]_GND_2654_o_Mux_6444_o is sourced by a
   combinatorial pin. This is not good design practice. Use the CE pin to
   control the loading of data into the flip-flop.
WARNING:PhysDesignRules:372 - Gated clock. Clock net
   fb_less_2d_gpu_i/current_state_s[4]_GND_2670_o_Mux_6476_o is sourced by a
   combinatorial pin. This is not good design practice. Use the CE pin to
   control the loading of data into the flip-flop.
WARNING:PhysDesignRules:372 - Gated clock. Clock net
   fb_less_2d_gpu_i/current_state_s[4]_GND_929_o_Mux_2994_o is sourced by a
   combinatorial pin. This is not good design practice. Use the CE pin to
   control the loading of data into the flip-flop.
WARNING:PhysDesignRules:372 - Gated clock. Clock net
   fb_less_2d_gpu_i/current_state_s[4]_GND_1089_o_Mux_3314_o is sourced by a
   combinatorial pin. This is not good design practice. Use the CE pin to
   control the loading of data into the flip-flop.
WARNING:PhysDesignRules:372 - Gated clock. Clock net
   fb_less_2d_gpu_i/current_state_s[4]_GND_2686_o_Mux_6508_o is sourced by a
   combinatorial pin. This is not good design practice. Use the CE pin to
   control the loading of data into the flip-flop.
WARNING:PhysDesignRules:372 - Gated clock. Clock net
   fb_less_2d_gpu_i/current_state_s[4]_GND_2702_o_Mux_6540_o is sourced by a
   combinatorial pin. This is not good design practice. Use the CE pin to
   control the loading of data into the flip-flop.
WARNING:PhysDesignRules:372 - Gated clock. Clock net
   fb_less_2d_gpu_i/current_state_s[4]_GND_2718_o_Mux_6572_o is sourced by a
   combinatorial pin. This is not good design practice. Use the CE pin to
   control the loading of data into the flip-flop.
WARNING:PhysDesignRules:372 - Gated clock. Clock net
   fb_less_2d_gpu_i/current_state_s[4]_GND_2014_o_Mux_5164_o is sourced by a
   combinatorial pin. This is not good design practice. Use the CE pin to
   control the loading of data into the flip-flop.
WARNING:PhysDesignRules:372 - Gated clock. Clock net
   fb_less_2d_gpu_i/current_state_s[4]_GND_1950_o_Mux_5036_o is sourced by a
   combinatorial pin. This is not good design practice. Use the CE pin to
   control the loading of data into the flip-flop.
WARNING:PhysDesignRules:372 - Gated clock. Clock net
   fb_less_2d_gpu_i/current_state_s[4]_GND_2734_o_Mux_6604_o is sourced by a
   combinatorial pin. This is not good design practice. Use the CE pin to
   control the loading of data into the flip-flop.
WARNING:PhysDesignRules:372 - Gated clock. Clock net
   fb_less_2d_gpu_i/current_state_s[4]_GND_2750_o_Mux_6636_o is sourced by a
   combinatorial pin. This is not good design practice. Use the CE pin to
   control the loading of data into the flip-flop.
WARNING:PhysDesignRules:372 - Gated clock. Clock net
   fb_less_2d_gpu_i/Mram__n92065 is sourced by a combinatorial pin. This is not
   good design practice. Use the CE pin to control the loading of data into the
   flip-flop.
WARNING:PhysDesignRules:372 - Gated clock. Clock net
   fb_less_2d_gpu_i/current_state_s[4]_GND_2766_o_Mux_6668_o is sourced by a
   combinatorial pin. This is not good design practice. Use the CE pin to
   control the loading of data into the flip-flop.
WARNING:PhysDesignRules:372 - Gated clock. Clock net
   fb_less_2d_gpu_i/current_state_s[4]_GND_3950_o_Mux_9036_o is sourced by a
   combinatorial pin. This is not good design practice. Use the CE pin to
   control the loading of data into the flip-flop.
WARNING:PhysDesignRules:372 - Gated clock. Clock net
   fb_less_2d_gpu_i/current_state_s[4]_GND_153_o_Mux_1442_o is sourced by a
   combinatorial pin. This is not good design practice. Use the CE pin to
   control the loading of data into the flip-flop.
WARNING:PhysDesignRules:372 - Gated clock. Clock net
   fb_less_2d_gpu_i/current_state_s[4]_GND_161_o_Mux_1458_o is sourced by a
   combinatorial pin. This is not good design practice. Use the CE pin to
   control the loading of data into the flip-flop.
WARNING:PhysDesignRules:372 - Gated clock. Clock net
   fb_less_2d_gpu_i/current_state_s[4]_GND_169_o_Mux_1474_o is sourced by a
   combinatorial pin. This is not good design practice. Use the CE pin to
   control the loading of data into the flip-flop.
WARNING:PhysDesignRules:372 - Gated clock. Clock net
   fb_less_2d_gpu_i/current_state_s[4]_GND_177_o_Mux_1490_o is sourced by a
   combinatorial pin. This is not good design practice. Use the CE pin to
   control the loading of data into the flip-flop.
WARNING:PhysDesignRules:372 - Gated clock. Clock net
   fb_less_2d_gpu_i/current_state_s[4]_GND_193_o_Mux_1522_o is sourced by a
   combinatorial pin. This is not good design practice. Use the CE pin to
   control the loading of data into the flip-flop.
WARNING:PhysDesignRules:372 - Gated clock. Clock net
   fb_less_2d_gpu_i/current_state_s[4]_GND_209_o_Mux_1554_o is sourced by a
   combinatorial pin. This is not good design practice. Use the CE pin to
   control the loading of data into the flip-flop.
WARNING:PhysDesignRules:372 - Gated clock. Clock net
   fb_less_2d_gpu_i/current_state_s[4]_GND_217_o_Mux_1570_o is sourced by a
   combinatorial pin. This is not good design practice. Use the CE pin to
   control the loading of data into the flip-flop.
WARNING:PhysDesignRules:372 - Gated clock. Clock net
   fb_less_2d_gpu_i/current_state_s[4]_GND_3782_o_Mux_8700_o is sourced by a
   combinatorial pin. This is not good design practice. Use the CE pin to
   control the loading of data into the flip-flop.
WARNING:PhysDesignRules:372 - Gated clock. Clock net
   fb_less_2d_gpu_i/current_state_s[4]_GND_3686_o_Mux_8508_o is sourced by a
   combinatorial pin. This is not good design practice. Use the CE pin to
   control the loading of data into the flip-flop.
WARNING:PhysDesignRules:372 - Gated clock. Clock net
   fb_less_2d_gpu_i/current_state_s[4]_GND_3758_o_Mux_8652_o is sourced by a
   combinatorial pin. This is not good design practice. Use the CE pin to
   control the loading of data into the flip-flop.
WARNING:PhysDesignRules:372 - Gated clock. Clock net
   fb_less_2d_gpu_i/current_state_s[4]_GND_3854_o_Mux_8844_o is sourced by a
   combinatorial pin. This is not good design practice. Use the CE pin to
   control the loading of data into the flip-flop.
WARNING:PhysDesignRules:372 - Gated clock. Clock net
   fb_less_2d_gpu_i/current_state_s[4]_GND_3926_o_Mux_8988_o is sourced by a
   combinatorial pin. This is not good design practice. Use the CE pin to
   control the loading of data into the flip-flop.
WARNING:PhysDesignRules:372 - Gated clock. Clock net
   fb_less_2d_gpu_i/current_state_s[4]_GND_1438_o_Mux_4012_o is sourced by a
   combinatorial pin. This is not good design practice. Use the CE pin to
   control the loading of data into the flip-flop.
WARNING:PhysDesignRules:372 - Gated clock. Clock net
   fb_less_2d_gpu_i/current_state_s[4]_GND_145_o_Mux_1426_o is sourced by a
   combinatorial pin. This is not good design practice. Use the CE pin to
   control the loading of data into the flip-flop.
WARNING:PhysDesignRules:372 - Gated clock. Clock net
   fb_less_2d_gpu_i/current_state_s[4]_GND_185_o_Mux_1506_o is sourced by a
   combinatorial pin. This is not good design practice. Use the CE pin to
   control the loading of data into the flip-flop.
WARNING:PhysDesignRules:372 - Gated clock. Clock net
   fb_less_2d_gpu_i/current_state_s[4]_GND_201_o_Mux_1538_o is sourced by a
   combinatorial pin. This is not good design practice. Use the CE pin to
   control the loading of data into the flip-flop.
WARNING:PhysDesignRules:372 - Gated clock. Clock net
   fb_less_2d_gpu_i/current_state_s[4]_GND_225_o_Mux_1586_o is sourced by a
   combinatorial pin. This is not good design practice. Use the CE pin to
   control the loading of data into the flip-flop.
WARNING:PhysDesignRules:372 - Gated clock. Clock net
   fb_less_2d_gpu_i/current_state_s[4]_GND_233_o_Mux_1602_o is sourced by a
   combinatorial pin. This is not good design practice. Use the CE pin to
   control the loading of data into the flip-flop.
WARNING:PhysDesignRules:372 - Gated clock. Clock net
   fb_less_2d_gpu_i/current_state_s[4]_GND_241_o_Mux_1618_o is sourced by a
   combinatorial pin. This is not good design practice. Use the CE pin to
   control the loading of data into the flip-flop.
WARNING:PhysDesignRules:372 - Gated clock. Clock net
   fb_less_2d_gpu_i/current_state_s[4]_GND_305_o_Mux_1746_o is sourced by a
   combinatorial pin. This is not good design practice. Use the CE pin to
   control the loading of data into the flip-flop.
WARNING:PhysDesignRules:372 - Gated clock. Clock net
   fb_less_2d_gpu_i/current_state_s[4]_GND_249_o_Mux_1634_o is sourced by a
   combinatorial pin. This is not good design practice. Use the CE pin to
   control the loading of data into the flip-flop.
WARNING:PhysDesignRules:372 - Gated clock. Clock net
   fb_less_2d_gpu_i/current_state_s[4]_GND_313_o_Mux_1762_o is sourced by a
   combinatorial pin. This is not good design practice. Use the CE pin to
   control the loading of data into the flip-flop.
WARNING:PhysDesignRules:372 - Gated clock. Clock net
   fb_less_2d_gpu_i/current_state_s[4]_GND_257_o_Mux_1650_o is sourced by a
   combinatorial pin. This is not good design practice. Use the CE pin to
   control the loading of data into the flip-flop.
WARNING:PhysDesignRules:372 - Gated clock. Clock net
   fb_less_2d_gpu_i/current_state_s[4]_GND_321_o_Mux_1778_o is sourced by a
   combinatorial pin. This is not good design practice. Use the CE pin to
   control the loading of data into the flip-flop.
WARNING:PhysDesignRules:372 - Gated clock. Clock net
   fb_less_2d_gpu_i/current_state_s[4]_GND_385_o_Mux_1906_o is sourced by a
   combinatorial pin. This is not good design practice. Use the CE pin to
   control the loading of data into the flip-flop.
WARNING:PhysDesignRules:372 - Gated clock. Clock net
   fb_less_2d_gpu_i/current_state_s[4]_GND_265_o_Mux_1666_o is sourced by a
   combinatorial pin. This is not good design practice. Use the CE pin to
   control the loading of data into the flip-flop.
WARNING:PhysDesignRules:372 - Gated clock. Clock net
   fb_less_2d_gpu_i/current_state_s[4]_GND_329_o_Mux_1794_o is sourced by a
   combinatorial pin. This is not good design practice. Use the CE pin to
   control the loading of data into the flip-flop.
WARNING:PhysDesignRules:372 - Gated clock. Clock net
   fb_less_2d_gpu_i/current_state_s[4]_GND_393_o_Mux_1922_o is sourced by a
   combinatorial pin. This is not good design practice. Use the CE pin to
   control the loading of data into the flip-flop.
WARNING:PhysDesignRules:372 - Gated clock. Clock net
   fb_less_2d_gpu_i/current_state_s[4]_GND_273_o_Mux_1682_o is sourced by a
   combinatorial pin. This is not good design practice. Use the CE pin to
   control the loading of data into the flip-flop.
WARNING:PhysDesignRules:372 - Gated clock. Clock net
   fb_less_2d_gpu_i/current_state_s[4]_GND_337_o_Mux_1810_o is sourced by a
   combinatorial pin. This is not good design practice. Use the CE pin to
   control the loading of data into the flip-flop.
WARNING:PhysDesignRules:372 - Gated clock. Clock net
   fb_less_2d_gpu_i/current_state_s[4]_GND_281_o_Mux_1698_o is sourced by a
   combinatorial pin. This is not good design practice. Use the CE pin to
   control the loading of data into the flip-flop.
WARNING:PhysDesignRules:372 - Gated clock. Clock net
   fb_less_2d_gpu_i/current_state_s[4]_GND_345_o_Mux_1826_o is sourced by a
   combinatorial pin. This is not good design practice. Use the CE pin to
   control the loading of data into the flip-flop.
WARNING:PhysDesignRules:372 - Gated clock. Clock net
   fb_less_2d_gpu_i/current_state_s[4]_GND_289_o_Mux_1714_o is sourced by a
   combinatorial pin. This is not good design practice. Use the CE pin to
   control the loading of data into the flip-flop.
WARNING:PhysDesignRules:372 - Gated clock. Clock net
   fb_less_2d_gpu_i/current_state_s[4]_GND_353_o_Mux_1842_o is sourced by a
   combinatorial pin. This is not good design practice. Use the CE pin to
   control the loading of data into the flip-flop.
WARNING:PhysDesignRules:372 - Gated clock. Clock net
   fb_less_2d_gpu_i/current_state_s[4]_GND_3150_o_Mux_7436_o is sourced by a
   combinatorial pin. This is not good design practice. Use the CE pin to
   control the loading of data into the flip-flop.
WARNING:PhysDesignRules:372 - Gated clock. Clock net
   fb_less_2d_gpu_i/current_state_s[4]_GND_297_o_Mux_1730_o is sourced by a
   combinatorial pin. This is not good design practice. Use the CE pin to
   control the loading of data into the flip-flop.
WARNING:PhysDesignRules:372 - Gated clock. Clock net
   fb_less_2d_gpu_i/current_state_s[4]_GND_361_o_Mux_1858_o is sourced by a
   combinatorial pin. This is not good design practice. Use the CE pin to
   control the loading of data into the flip-flop.
WARNING:PhysDesignRules:372 - Gated clock. Clock net
   fb_less_2d_gpu_i/current_state_s[4]_GND_369_o_Mux_1874_o is sourced by a
   combinatorial pin. This is not good design practice. Use the CE pin to
   control the loading of data into the flip-flop.
WARNING:PhysDesignRules:372 - Gated clock. Clock net
   fb_less_2d_gpu_i/current_state_s[4]_GND_377_o_Mux_1890_o is sourced by a
   combinatorial pin. This is not good design practice. Use the CE pin to
   control the loading of data into the flip-flop.
WARNING:PhysDesignRules:372 - Gated clock. Clock net
   fb_less_2d_gpu_i/current_state_s[4]_GND_3494_o_Mux_8124_o is sourced by a
   combinatorial pin. This is not good design practice. Use the CE pin to
   control the loading of data into the flip-flop.
WARNING:PhysDesignRules:372 - Gated clock. Clock net
   fb_less_2d_gpu_i/current_state_s[4]_GND_3518_o_Mux_8172_o is sourced by a
   combinatorial pin. This is not good design practice. Use the CE pin to
   control the loading of data into the flip-flop.
WARNING:PhysDesignRules:372 - Gated clock. Clock net
   fb_less_2d_gpu_i/current_state_s[4]_GND_3542_o_Mux_8220_o is sourced by a
   combinatorial pin. This is not good design practice. Use the CE pin to
   control the loading of data into the flip-flop.
WARNING:PhysDesignRules:372 - Gated clock. Clock net
   fb_less_2d_gpu_i/current_state_s[4]_GND_3734_o_Mux_8604_o is sourced by a
   combinatorial pin. This is not good design practice. Use the CE pin to
   control the loading of data into the flip-flop.
WARNING:PhysDesignRules:372 - Gated clock. Clock net
   fb_less_2d_gpu_i/current_state_s[4]_GND_3566_o_Mux_8268_o is sourced by a
   combinatorial pin. This is not good design practice. Use the CE pin to
   control the loading of data into the flip-flop.
WARNING:PhysDesignRules:372 - Gated clock. Clock net
   fb_less_2d_gpu_i/current_state_s[4]_GND_3590_o_Mux_8316_o is sourced by a
   combinatorial pin. This is not good design practice. Use the CE pin to
   control the loading of data into the flip-flop.
WARNING:PhysDesignRules:372 - Gated clock. Clock net
   fb_less_2d_gpu_i/current_state_s[4]_GND_3974_o_Mux_9084_o is sourced by a
   combinatorial pin. This is not good design practice. Use the CE pin to
   control the loading of data into the flip-flop.
WARNING:PhysDesignRules:372 - Gated clock. Clock net
   fb_less_2d_gpu_i/current_state_s[4]_GND_3614_o_Mux_8364_o is sourced by a
   combinatorial pin. This is not good design practice. Use the CE pin to
   control the loading of data into the flip-flop.
WARNING:PhysDesignRules:372 - Gated clock. Clock net
   fb_less_2d_gpu_i/current_state_s[4]_GND_3806_o_Mux_8748_o is sourced by a
   combinatorial pin. This is not good design practice. Use the CE pin to
   control the loading of data into the flip-flop.
WARNING:PhysDesignRules:372 - Gated clock. Clock net
   fb_less_2d_gpu_i/current_state_s[4]_GND_3998_o_Mux_9132_o is sourced by a
   combinatorial pin. This is not good design practice. Use the CE pin to
   control the loading of data into the flip-flop.
WARNING:PhysDesignRules:372 - Gated clock. Clock net
   fb_less_2d_gpu_i/current_state_s[4]_GND_3638_o_Mux_8412_o is sourced by a
   combinatorial pin. This is not good design practice. Use the CE pin to
   control the loading of data into the flip-flop.
WARNING:PhysDesignRules:372 - Gated clock. Clock net
   fb_less_2d_gpu_i/current_state_s[4]_GND_3830_o_Mux_8796_o is sourced by a
   combinatorial pin. This is not good design practice. Use the CE pin to
   control the loading of data into the flip-flop.
WARNING:PhysDesignRules:372 - Gated clock. Clock net
   fb_less_2d_gpu_i/current_state_s[4]_GND_3662_o_Mux_8460_o is sourced by a
   combinatorial pin. This is not good design practice. Use the CE pin to
   control the loading of data into the flip-flop.
WARNING:PhysDesignRules:372 - Gated clock. Clock net
   fb_less_2d_gpu_i/current_state_s[4]_GND_3878_o_Mux_8892_o is sourced by a
   combinatorial pin. This is not good design practice. Use the CE pin to
   control the loading of data into the flip-flop.
WARNING:PhysDesignRules:372 - Gated clock. Clock net
   fb_less_2d_gpu_i/current_state_s[4]_GND_3710_o_Mux_8556_o is sourced by a
   combinatorial pin. This is not good design practice. Use the CE pin to
   control the loading of data into the flip-flop.
WARNING:PhysDesignRules:372 - Gated clock. Clock net
   fb_less_2d_gpu_i/current_state_s[4]_GND_3902_o_Mux_8940_o is sourced by a
   combinatorial pin. This is not good design practice. Use the CE pin to
   control the loading of data into the flip-flop.
WARNING:PhysDesignRules:372 - Gated clock. Clock net
   fb_less_2d_gpu_i/current_state_s[4]_GND_3254_o_Mux_7644_o is sourced by a
   combinatorial pin. This is not good design practice. Use the CE pin to
   control the loading of data into the flip-flop.
WARNING:PhysDesignRules:372 - Gated clock. Clock net
   fb_less_2d_gpu_i/current_state_s[4]_GND_3278_o_Mux_7692_o is sourced by a
   combinatorial pin. This is not good design practice. Use the CE pin to
   control the loading of data into the flip-flop.
WARNING:PhysDesignRules:372 - Gated clock. Clock net
   fb_less_2d_gpu_i/current_state_s[4]_GND_3302_o_Mux_7740_o is sourced by a
   combinatorial pin. This is not good design practice. Use the CE pin to
   control the loading of data into the flip-flop.
WARNING:PhysDesignRules:372 - Gated clock. Clock net
   fb_less_2d_gpu_i/current_state_s[4]_GND_3326_o_Mux_7788_o is sourced by a
   combinatorial pin. This is not good design practice. Use the CE pin to
   control the loading of data into the flip-flop.
WARNING:PhysDesignRules:372 - Gated clock. Clock net
   fb_less_2d_gpu_i/current_state_s[4]_GND_3350_o_Mux_7836_o is sourced by a
   combinatorial pin. This is not good design practice. Use the CE pin to
   control the loading of data into the flip-flop.
WARNING:PhysDesignRules:372 - Gated clock. Clock net
   fb_less_2d_gpu_i/current_state_s[4]_GND_3374_o_Mux_7884_o is sourced by a
   combinatorial pin. This is not good design practice. Use the CE pin to
   control the loading of data into the flip-flop.
WARNING:PhysDesignRules:372 - Gated clock. Clock net
   fb_less_2d_gpu_i/current_state_s[4]_GND_3398_o_Mux_7932_o is sourced by a
   combinatorial pin. This is not good design practice. Use the CE pin to
   control the loading of data into the flip-flop.
WARNING:PhysDesignRules:372 - Gated clock. Clock net
   fb_less_2d_gpu_i/current_state_s[4]_GND_3422_o_Mux_7980_o is sourced by a
   combinatorial pin. This is not good design practice. Use the CE pin to
   control the loading of data into the flip-flop.
WARNING:PhysDesignRules:372 - Gated clock. Clock net
   fb_less_2d_gpu_i/current_state_s[4]_GND_3446_o_Mux_8028_o is sourced by a
   combinatorial pin. This is not good design practice. Use the CE pin to
   control the loading of data into the flip-flop.
WARNING:PhysDesignRules:372 - Gated clock. Clock net
   fb_less_2d_gpu_i/current_state_s[4]_GND_1726_o_Mux_4588_o is sourced by a
   combinatorial pin. This is not good design practice. Use the CE pin to
   control the loading of data into the flip-flop.
WARNING:PhysDesignRules:372 - Gated clock. Clock net
   fb_less_2d_gpu_i/current_state_s[4]_GND_1742_o_Mux_4620_o is sourced by a
   combinatorial pin. This is not good design practice. Use the CE pin to
   control the loading of data into the flip-flop.
WARNING:PhysDesignRules:372 - Gated clock. Clock net
   fb_less_2d_gpu_i/current_state_s[4]_GND_3470_o_Mux_8076_o is sourced by a
   combinatorial pin. This is not good design practice. Use the CE pin to
   control the loading of data into the flip-flop.
WARNING:PhysDesignRules:372 - Gated clock. Clock net
   fb_less_2d_gpu_i/current_state_s[4]_GND_1758_o_Mux_4652_o is sourced by a
   combinatorial pin. This is not good design practice. Use the CE pin to
   control the loading of data into the flip-flop.
WARNING:PhysDesignRules:372 - Gated clock. Clock net
   fb_less_2d_gpu_i/current_state_s[4]_GND_1886_o_Mux_4908_o is sourced by a
   combinatorial pin. This is not good design practice. Use the CE pin to
   control the loading of data into the flip-flop.
WARNING:PhysDesignRules:372 - Gated clock. Clock net
   fb_less_2d_gpu_i/current_state_s[4]_GND_1774_o_Mux_4684_o is sourced by a
   combinatorial pin. This is not good design practice. Use the CE pin to
   control the loading of data into the flip-flop.
WARNING:PhysDesignRules:372 - Gated clock. Clock net
   fb_less_2d_gpu_i/current_state_s[4]_GND_1902_o_Mux_4940_o is sourced by a
   combinatorial pin. This is not good design practice. Use the CE pin to
   control the loading of data into the flip-flop.
WARNING:PhysDesignRules:372 - Gated clock. Clock net
   fb_less_2d_gpu_i/current_state_s[4]_GND_1790_o_Mux_4716_o is sourced by a
   combinatorial pin. This is not good design practice. Use the CE pin to
   control the loading of data into the flip-flop.
WARNING:PhysDesignRules:372 - Gated clock. Clock net
   fb_less_2d_gpu_i/current_state_s[4]_GND_1918_o_Mux_4972_o is sourced by a
   combinatorial pin. This is not good design practice. Use the CE pin to
   control the loading of data into the flip-flop.
WARNING:PhysDesignRules:372 - Gated clock. Clock net
   fb_less_2d_gpu_i/current_state_s[4]_GND_2046_o_Mux_5228_o is sourced by a
   combinatorial pin. This is not good design practice. Use the CE pin to
   control the loading of data into the flip-flop.
WARNING:PhysDesignRules:372 - Gated clock. Clock net
   fb_less_2d_gpu_i/current_state_s[4]_GND_1806_o_Mux_4748_o is sourced by a
   combinatorial pin. This is not good design practice. Use the CE pin to
   control the loading of data into the flip-flop.
WARNING:PhysDesignRules:372 - Gated clock. Clock net
   fb_less_2d_gpu_i/current_state_s[4]_GND_1934_o_Mux_5004_o is sourced by a
   combinatorial pin. This is not good design practice. Use the CE pin to
   control the loading of data into the flip-flop.
WARNING:PhysDesignRules:372 - Gated clock. Clock net
   fb_less_2d_gpu_i/current_state_s[4]_GND_2062_o_Mux_5260_o is sourced by a
   combinatorial pin. This is not good design practice. Use the CE pin to
   control the loading of data into the flip-flop.
WARNING:PhysDesignRules:372 - Gated clock. Clock net
   fb_less_2d_gpu_i/current_state_s[4]_GND_1822_o_Mux_4780_o is sourced by a
   combinatorial pin. This is not good design practice. Use the CE pin to
   control the loading of data into the flip-flop.
WARNING:PhysDesignRules:372 - Gated clock. Clock net
   fb_less_2d_gpu_i/current_state_s[4]_GND_1838_o_Mux_4812_o is sourced by a
   combinatorial pin. This is not good design practice. Use the CE pin to
   control the loading of data into the flip-flop.
WARNING:PhysDesignRules:372 - Gated clock. Clock net
   fb_less_2d_gpu_i/current_state_s[4]_GND_1966_o_Mux_5068_o is sourced by a
   combinatorial pin. This is not good design practice. Use the CE pin to
   control the loading of data into the flip-flop.
WARNING:PhysDesignRules:372 - Gated clock. Clock net
   fb_less_2d_gpu_i/current_state_s[4]_GND_1854_o_Mux_4844_o is sourced by a
   combinatorial pin. This is not good design practice. Use the CE pin to
   control the loading of data into the flip-flop.
WARNING:PhysDesignRules:372 - Gated clock. Clock net
   fb_less_2d_gpu_i/current_state_s[4]_GND_1982_o_Mux_5100_o is sourced by a
   combinatorial pin. This is not good design practice. Use the CE pin to
   control the loading of data into the flip-flop.
WARNING:PhysDesignRules:372 - Gated clock. Clock net
   fb_less_2d_gpu_i/current_state_s[4]_GND_1870_o_Mux_4876_o is sourced by a
   combinatorial pin. This is not good design practice. Use the CE pin to
   control the loading of data into the flip-flop.
WARNING:PhysDesignRules:372 - Gated clock. Clock net
   fb_less_2d_gpu_i/current_state_s[4]_GND_1998_o_Mux_5132_o is sourced by a
   combinatorial pin. This is not good design practice. Use the CE pin to
   control the loading of data into the flip-flop.
WARNING:PhysDesignRules:372 - Gated clock. Clock net
   fb_less_2d_gpu_i/current_state_s[4]_GND_2030_o_Mux_5196_o is sourced by a
   combinatorial pin. This is not good design practice. Use the CE pin to
   control the loading of data into the flip-flop.
WARNING:PhysDesignRules:372 - Gated clock. Clock net
   fb_less_2d_gpu_i/current_state_s[4]_GND_1566_o_Mux_4268_o is sourced by a
   combinatorial pin. This is not good design practice. Use the CE pin to
   control the loading of data into the flip-flop.
WARNING:PhysDesignRules:372 - Gated clock. Clock net
   fb_less_2d_gpu_i/current_state_s[4]_GND_2078_o_Mux_5292_o is sourced by a
   combinatorial pin. This is not good design practice. Use the CE pin to
   control the loading of data into the flip-flop.
WARNING:PhysDesignRules:372 - Gated clock. Clock net
   fb_less_2d_gpu_i/current_state_s[4]_GND_1582_o_Mux_4300_o is sourced by a
   combinatorial pin. This is not good design practice. Use the CE pin to
   control the loading of data into the flip-flop.
WARNING:PhysDesignRules:372 - Gated clock. Clock net
   fb_less_2d_gpu_i/current_state_s[4]_GND_43_o_Mux_1222_o is sourced by a
   combinatorial pin. This is not good design practice. Use the CE pin to
   control the loading of data into the flip-flop.
WARNING:PhysDesignRules:372 - Gated clock. Clock net
   fb_less_2d_gpu_i/current_state_s[4]_GND_2094_o_Mux_5324_o is sourced by a
   combinatorial pin. This is not good design practice. Use the CE pin to
   control the loading of data into the flip-flop.
WARNING:PhysDesignRules:372 - Gated clock. Clock net
   fb_less_2d_gpu_i/current_state_s[4]_GND_2110_o_Mux_5356_o is sourced by a
   combinatorial pin. This is not good design practice. Use the CE pin to
   control the loading of data into the flip-flop.
WARNING:PhysDesignRules:372 - Gated clock. Clock net
   fb_less_2d_gpu_i/current_state_s[4]_GND_1598_o_Mux_4332_o is sourced by a
   combinatorial pin. This is not good design practice. Use the CE pin to
   control the loading of data into the flip-flop.
WARNING:PhysDesignRules:372 - Gated clock. Clock net
   fb_less_2d_gpu_i/current_state_s[4]_GND_2126_o_Mux_5388_o is sourced by a
   combinatorial pin. This is not good design practice. Use the CE pin to
   control the loading of data into the flip-flop.
WARNING:PhysDesignRules:372 - Gated clock. Clock net
   fb_less_2d_gpu_i/current_state_s[4]_GND_2142_o_Mux_5420_o is sourced by a
   combinatorial pin. This is not good design practice. Use the CE pin to
   control the loading of data into the flip-flop.
WARNING:PhysDesignRules:372 - Gated clock. Clock net
   fb_less_2d_gpu_i/current_state_s[4]_GND_1614_o_Mux_4364_o is sourced by a
   combinatorial pin. This is not good design practice. Use the CE pin to
   control the loading of data into the flip-flop.
WARNING:PhysDesignRules:372 - Gated clock. Clock net
   fb_less_2d_gpu_i/current_state_s[4]_GND_2158_o_Mux_5452_o is sourced by a
   combinatorial pin. This is not good design practice. Use the CE pin to
   control the loading of data into the flip-flop.
WARNING:PhysDesignRules:372 - Gated clock. Clock net
   fb_less_2d_gpu_i/current_state_s[4]_GND_2174_o_Mux_5484_o is sourced by a
   combinatorial pin. This is not good design practice. Use the CE pin to
   control the loading of data into the flip-flop.
WARNING:PhysDesignRules:372 - Gated clock. Clock net
   fb_less_2d_gpu_i/current_state_s[4]_GND_1630_o_Mux_4396_o is sourced by a
   combinatorial pin. This is not good design practice. Use the CE pin to
   control the loading of data into the flip-flop.
WARNING:PhysDesignRules:372 - Gated clock. Clock net
   fb_less_2d_gpu_i/current_state_s[4]_GND_2190_o_Mux_5516_o is sourced by a
   combinatorial pin. This is not good design practice. Use the CE pin to
   control the loading of data into the flip-flop.
WARNING:PhysDesignRules:372 - Gated clock. Clock net
   fb_less_2d_gpu_i/current_state_s[4]_GND_2206_o_Mux_5548_o is sourced by a
   combinatorial pin. This is not good design practice. Use the CE pin to
   control the loading of data into the flip-flop.
WARNING:PhysDesignRules:372 - Gated clock. Clock net
   fb_less_2d_gpu_i/current_state_s[4]_GND_1646_o_Mux_4428_o is sourced by a
   combinatorial pin. This is not good design practice. Use the CE pin to
   control the loading of data into the flip-flop.
WARNING:PhysDesignRules:372 - Gated clock. Clock net
   fb_less_2d_gpu_i/current_state_s[4]_GND_2222_o_Mux_5580_o is sourced by a
   combinatorial pin. This is not good design practice. Use the CE pin to
   control the loading of data into the flip-flop.
WARNING:PhysDesignRules:372 - Gated clock. Clock net
   fb_less_2d_gpu_i/current_state_s[4]_GND_1662_o_Mux_4460_o is sourced by a
   combinatorial pin. This is not good design practice. Use the CE pin to
   control the loading of data into the flip-flop.
WARNING:PhysDesignRules:372 - Gated clock. Clock net
   fb_less_2d_gpu_i/current_state_s[4]_GND_1678_o_Mux_4492_o is sourced by a
   combinatorial pin. This is not good design practice. Use the CE pin to
   control the loading of data into the flip-flop.
WARNING:PhysDesignRules:372 - Gated clock. Clock net
   fb_less_2d_gpu_i/current_state_s[4]_GND_1694_o_Mux_4524_o is sourced by a
   combinatorial pin. This is not good design practice. Use the CE pin to
   control the loading of data into the flip-flop.
WARNING:PhysDesignRules:372 - Gated clock. Clock net
   fb_less_2d_gpu_i/current_state_s[4]_GND_1710_o_Mux_4556_o is sourced by a
   combinatorial pin. This is not good design practice. Use the CE pin to
   control the loading of data into the flip-flop.
WARNING:PhysDesignRules:372 - Gated clock. Clock net
   fb_less_2d_gpu_i/current_state_s[4]_GND_1073_o_Mux_3282_o is sourced by a
   combinatorial pin. This is not good design practice. Use the CE pin to
   control the loading of data into the flip-flop.
WARNING:PhysDesignRules:372 - Gated clock. Clock net
   fb_less_2d_gpu_i/current_state_s[4]_GND_1105_o_Mux_3346_o is sourced by a
   combinatorial pin. This is not good design practice. Use the CE pin to
   control the loading of data into the flip-flop.
WARNING:PhysDesignRules:372 - Gated clock. Clock net
   fb_less_2d_gpu_i/current_state_s[4]_GND_1233_o_Mux_3602_o is sourced by a
   combinatorial pin. This is not good design practice. Use the CE pin to
   control the loading of data into the flip-flop.
WARNING:PhysDesignRules:372 - Gated clock. Clock net
   fb_less_2d_gpu_i/current_state_s[4]_GND_1121_o_Mux_3378_o is sourced by a
   combinatorial pin. This is not good design practice. Use the CE pin to
   control the loading of data into the flip-flop.
WARNING:PhysDesignRules:372 - Gated clock. Clock net
   fb_less_2d_gpu_i/current_state_s[4]_GND_1249_o_Mux_3634_o is sourced by a
   combinatorial pin. This is not good design practice. Use the CE pin to
   control the loading of data into the flip-flop.
WARNING:PhysDesignRules:372 - Gated clock. Clock net
   fb_less_2d_gpu_i/current_state_s[4]_GND_1137_o_Mux_3410_o is sourced by a
   combinatorial pin. This is not good design practice. Use the CE pin to
   control the loading of data into the flip-flop.
WARNING:PhysDesignRules:372 - Gated clock. Clock net
   fb_less_2d_gpu_i/current_state_s[4]_GND_1265_o_Mux_3666_o is sourced by a
   combinatorial pin. This is not good design practice. Use the CE pin to
   control the loading of data into the flip-flop.
WARNING:PhysDesignRules:372 - Gated clock. Clock net
   fb_less_2d_gpu_i/current_state_s[4]_GND_1393_o_Mux_3922_o is sourced by a
   combinatorial pin. This is not good design practice. Use the CE pin to
   control the loading of data into the flip-flop.
WARNING:PhysDesignRules:372 - Gated clock. Clock net
   fb_less_2d_gpu_i/current_state_s[4]_GND_1153_o_Mux_3442_o is sourced by a
   combinatorial pin. This is not good design practice. Use the CE pin to
   control the loading of data into the flip-flop.
WARNING:PhysDesignRules:372 - Gated clock. Clock net
   fb_less_2d_gpu_i/current_state_s[4]_GND_1281_o_Mux_3698_o is sourced by a
   combinatorial pin. This is not good design practice. Use the CE pin to
   control the loading of data into the flip-flop.
WARNING:PhysDesignRules:372 - Gated clock. Clock net
   fb_less_2d_gpu_i/current_state_s[4]_GND_1409_o_Mux_3954_o is sourced by a
   combinatorial pin. This is not good design practice. Use the CE pin to
   control the loading of data into the flip-flop.
WARNING:PhysDesignRules:372 - Gated clock. Clock net
   fb_less_2d_gpu_i/current_state_s[4]_GND_1169_o_Mux_3474_o is sourced by a
   combinatorial pin. This is not good design practice. Use the CE pin to
   control the loading of data into the flip-flop.
WARNING:PhysDesignRules:372 - Gated clock. Clock net
   fb_less_2d_gpu_i/current_state_s[4]_GND_1297_o_Mux_3730_o is sourced by a
   combinatorial pin. This is not good design practice. Use the CE pin to
   control the loading of data into the flip-flop.
WARNING:PhysDesignRules:372 - Gated clock. Clock net
   fb_less_2d_gpu_i/current_state_s[4]_GND_1185_o_Mux_3506_o is sourced by a
   combinatorial pin. This is not good design practice. Use the CE pin to
   control the loading of data into the flip-flop.
WARNING:PhysDesignRules:372 - Gated clock. Clock net
   fb_less_2d_gpu_i/current_state_s[4]_GND_1313_o_Mux_3762_o is sourced by a
   combinatorial pin. This is not good design practice. Use the CE pin to
   control the loading of data into the flip-flop.
WARNING:PhysDesignRules:372 - Gated clock. Clock net
   fb_less_2d_gpu_i/current_state_s[4]_GND_1201_o_Mux_3538_o is sourced by a
   combinatorial pin. This is not good design practice. Use the CE pin to
   control the loading of data into the flip-flop.
WARNING:PhysDesignRules:372 - Gated clock. Clock net
   fb_less_2d_gpu_i/current_state_s[4]_GND_1329_o_Mux_3794_o is sourced by a
   combinatorial pin. This is not good design practice. Use the CE pin to
   control the loading of data into the flip-flop.
WARNING:PhysDesignRules:372 - Gated clock. Clock net
   fb_less_2d_gpu_i/current_state_s[4]_GND_1217_o_Mux_3570_o is sourced by a
   combinatorial pin. This is not good design practice. Use the CE pin to
   control the loading of data into the flip-flop.
WARNING:PhysDesignRules:372 - Gated clock. Clock net
   fb_less_2d_gpu_i/current_state_s[4]_GND_1345_o_Mux_3826_o is sourced by a
   combinatorial pin. This is not good design practice. Use the CE pin to
   control the loading of data into the flip-flop.
WARNING:PhysDesignRules:372 - Gated clock. Clock net
   fb_less_2d_gpu_i/current_state_s[4]_GND_1361_o_Mux_3858_o is sourced by a
   combinatorial pin. This is not good design practice. Use the CE pin to
   control the loading of data into the flip-flop.
WARNING:PhysDesignRules:372 - Gated clock. Clock net
   fb_less_2d_gpu_i/current_state_s[4]_GND_1377_o_Mux_3890_o is sourced by a
   combinatorial pin. This is not good design practice. Use the CE pin to
   control the loading of data into the flip-flop.
WARNING:PhysDesignRules:372 - Gated clock. Clock net
   fb_less_2d_gpu_i/current_state_s[4]_GND_2606_o_Mux_6348_o is sourced by a
   combinatorial pin. This is not good design practice. Use the CE pin to
   control the loading of data into the flip-flop.
WARNING:PhysDesignRules:372 - Gated clock. Clock net
   fb_less_2d_gpu_i/current_state_s[4]_GND_2238_o_Mux_5612_o is sourced by a
   combinatorial pin. This is not good design practice. Use the CE pin to
   control the loading of data into the flip-flop.
WARNING:PhysDesignRules:372 - Gated clock. Clock net
   fb_less_2d_gpu_i/current_state_s[4]_GND_2254_o_Mux_5644_o is sourced by a
   combinatorial pin. This is not good design practice. Use the CE pin to
   control the loading of data into the flip-flop.
WARNING:PhysDesignRules:372 - Gated clock. Clock net
   fb_less_2d_gpu_i/current_state_s[4]_GND_2270_o_Mux_5676_o is sourced by a
   combinatorial pin. This is not good design practice. Use the CE pin to
   control the loading of data into the flip-flop.
WARNING:PhysDesignRules:372 - Gated clock. Clock net
   fb_less_2d_gpu_i/current_state_s[4]_GND_2398_o_Mux_5932_o is sourced by a
   combinatorial pin. This is not good design practice. Use the CE pin to
   control the loading of data into the flip-flop.
WARNING:PhysDesignRules:372 - Gated clock. Clock net
   fb_less_2d_gpu_i/current_state_s[4]_GND_2286_o_Mux_5708_o is sourced by a
   combinatorial pin. This is not good design practice. Use the CE pin to
   control the loading of data into the flip-flop.
WARNING:PhysDesignRules:372 - Gated clock. Clock net
   fb_less_2d_gpu_i/current_state_s[4]_GND_2414_o_Mux_5964_o is sourced by a
   combinatorial pin. This is not good design practice. Use the CE pin to
   control the loading of data into the flip-flop.
WARNING:PhysDesignRules:372 - Gated clock. Clock net
   fb_less_2d_gpu_i/current_state_s[4]_GND_2430_o_Mux_5996_o is sourced by a
   combinatorial pin. This is not good design practice. Use the CE pin to
   control the loading of data into the flip-flop.
WARNING:PhysDesignRules:372 - Gated clock. Clock net
   fb_less_2d_gpu_i/current_state_s[4]_GND_2558_o_Mux_6252_o is sourced by a
   combinatorial pin. This is not good design practice. Use the CE pin to
   control the loading of data into the flip-flop.
WARNING:PhysDesignRules:372 - Gated clock. Clock net
   fb_less_2d_gpu_i/current_state_s[4]_GND_2302_o_Mux_5740_o is sourced by a
   combinatorial pin. This is not good design practice. Use the CE pin to
   control the loading of data into the flip-flop.
WARNING:PhysDesignRules:372 - Gated clock. Clock net
   fb_less_2d_gpu_i/current_state_s[4]_GND_2318_o_Mux_5772_o is sourced by a
   combinatorial pin. This is not good design practice. Use the CE pin to
   control the loading of data into the flip-flop.
WARNING:PhysDesignRules:372 - Gated clock. Clock net
   fb_less_2d_gpu_i/current_state_s[4]_GND_2446_o_Mux_6028_o is sourced by a
   combinatorial pin. This is not good design practice. Use the CE pin to
   control the loading of data into the flip-flop.
WARNING:PhysDesignRules:372 - Gated clock. Clock net
   fb_less_2d_gpu_i/current_state_s[4]_GND_2574_o_Mux_6284_o is sourced by a
   combinatorial pin. This is not good design practice. Use the CE pin to
   control the loading of data into the flip-flop.
WARNING:PhysDesignRules:372 - Gated clock. Clock net
   fb_less_2d_gpu_i/current_state_s[4]_GND_2334_o_Mux_5804_o is sourced by a
   combinatorial pin. This is not good design practice. Use the CE pin to
   control the loading of data into the flip-flop.
WARNING:PhysDesignRules:372 - Gated clock. Clock net
   fb_less_2d_gpu_i/current_state_s[4]_GND_2462_o_Mux_6060_o is sourced by a
   combinatorial pin. This is not good design practice. Use the CE pin to
   control the loading of data into the flip-flop.
WARNING:PhysDesignRules:372 - Gated clock. Clock net
   fb_less_2d_gpu_i/current_state_s[4]_GND_2350_o_Mux_5836_o is sourced by a
   combinatorial pin. This is not good design practice. Use the CE pin to
   control the loading of data into the flip-flop.
WARNING:PhysDesignRules:372 - Gated clock. Clock net
   fb_less_2d_gpu_i/current_state_s[4]_GND_2478_o_Mux_6092_o is sourced by a
   combinatorial pin. This is not good design practice. Use the CE pin to
   control the loading of data into the flip-flop.
WARNING:PhysDesignRules:372 - Gated clock. Clock net
   fb_less_2d_gpu_i/current_state_s[4]_GND_2366_o_Mux_5868_o is sourced by a
   combinatorial pin. This is not good design practice. Use the CE pin to
   control the loading of data into the flip-flop.
WARNING:PhysDesignRules:372 - Gated clock. Clock net
   fb_less_2d_gpu_i/current_state_s[4]_GND_2494_o_Mux_6124_o is sourced by a
   combinatorial pin. This is not good design practice. Use the CE pin to
   control the loading of data into the flip-flop.
WARNING:PhysDesignRules:372 - Gated clock. Clock net
   fb_less_2d_gpu_i/current_state_s[4]_GND_2510_o_Mux_6156_o is sourced by a
   combinatorial pin. This is not good design practice. Use the CE pin to
   control the loading of data into the flip-flop.
WARNING:PhysDesignRules:372 - Gated clock. Clock net
   fb_less_2d_gpu_i/current_state_s[4]_GND_2382_o_Mux_5900_o is sourced by a
   combinatorial pin. This is not good design practice. Use the CE pin to
   control the loading of data into the flip-flop.
WARNING:PhysDesignRules:372 - Gated clock. Clock net
   fb_less_2d_gpu_i/current_state_s[4]_GND_2526_o_Mux_6188_o is sourced by a
   combinatorial pin. This is not good design practice. Use the CE pin to
   control the loading of data into the flip-flop.
WARNING:PhysDesignRules:372 - Gated clock. Clock net
   fb_less_2d_gpu_i/current_state_s[4]_GND_2542_o_Mux_6220_o is sourced by a
   combinatorial pin. This is not good design practice. Use the CE pin to
   control the loading of data into the flip-flop.
WARNING:PhysDesignRules:372 - Gated clock. Clock net
   fb_less_2d_gpu_i/Mram__n92061 is sourced by a combinatorial pin. This is not
   good design practice. Use the CE pin to control the loading of data into the
   flip-flop.
WARNING:PhysDesignRules:372 - Gated clock. Clock net
   fb_less_2d_gpu_i/Mram__n92069 is sourced by a combinatorial pin. This is not
   good design practice. Use the CE pin to control the loading of data into the
   flip-flop.
WARNING:PhysDesignRules:372 - Gated clock. Clock net
   fb_less_2d_gpu_i/current_state_s[4]_GND_51_o_Mux_1238_o is sourced by a
   combinatorial pin. This is not good design practice. Use the CE pin to
   control the loading of data into the flip-flop.
WARNING:PhysDesignRules:372 - Gated clock. Clock net
   fb_less_2d_gpu_i/current_state_s[4]_GND_913_o_Mux_2962_o is sourced by a
   combinatorial pin. This is not good design practice. Use the CE pin to
   control the loading of data into the flip-flop.
WARNING:PhysDesignRules:372 - Gated clock. Clock net
   fb_less_2d_gpu_i/Mram__n9206 is sourced by a combinatorial pin. This is not
   good design practice. Use the CE pin to control the loading of data into the
   flip-flop.
WARNING:PhysDesignRules:372 - Gated clock. Clock net
   fb_less_2d_gpu_i/current_state_s[4]_GND_945_o_Mux_3026_o is sourced by a
   combinatorial pin. This is not good design practice. Use the CE pin to
   control the loading of data into the flip-flop.
WARNING:PhysDesignRules:372 - Gated clock. Clock net
   fb_less_2d_gpu_i/current_state_s[4]_GND_961_o_Mux_3058_o is sourced by a
   combinatorial pin. This is not good design practice. Use the CE pin to
   control the loading of data into the flip-flop.
WARNING:PhysDesignRules:372 - Gated clock. Clock net
   fb_less_2d_gpu_i/current_state_s[4]_GND_977_o_Mux_3090_o is sourced by a
   combinatorial pin. This is not good design practice. Use the CE pin to
   control the loading of data into the flip-flop.
WARNING:PhysDesignRules:372 - Gated clock. Clock net
   fb_less_2d_gpu_i/current_state_s[4]_GND_993_o_Mux_3122_o is sourced by a
   combinatorial pin. This is not good design practice. Use the CE pin to
   control the loading of data into the flip-flop.
WARNING:PhysDesignRules:372 - Gated clock. Clock net
   fb_less_2d_gpu_i/current_state_s[4]_GND_1009_o_Mux_3154_o is sourced by a
   combinatorial pin. This is not good design practice. Use the CE pin to
   control the loading of data into the flip-flop.
WARNING:PhysDesignRules:372 - Gated clock. Clock net
   fb_less_2d_gpu_i/current_state_s[4]_GND_2798_o_Mux_6732_o is sourced by a
   combinatorial pin. This is not good design practice. Use the CE pin to
   control the loading of data into the flip-flop.
WARNING:PhysDesignRules:372 - Gated clock. Clock net
   fb_less_2d_gpu_i/current_state_s[4]_GND_1025_o_Mux_3186_o is sourced by a
   combinatorial pin. This is not good design practice. Use the CE pin to
   control the loading of data into the flip-flop.
WARNING:PhysDesignRules:372 - Gated clock. Clock net
   fb_less_2d_gpu_i/current_state_s[4]_GND_2814_o_Mux_6764_o is sourced by a
   combinatorial pin. This is not good design practice. Use the CE pin to
   control the loading of data into the flip-flop.
WARNING:PhysDesignRules:372 - Gated clock. Clock net
   fb_less_2d_gpu_i/current_state_s[4]_GND_1041_o_Mux_3218_o is sourced by a
   combinatorial pin. This is not good design practice. Use the CE pin to
   control the loading of data into the flip-flop.
WARNING:PhysDesignRules:372 - Gated clock. Clock net
   fb_less_2d_gpu_i/current_state_s[4]_GND_1057_o_Mux_3250_o is sourced by a
   combinatorial pin. This is not good design practice. Use the CE pin to
   control the loading of data into the flip-flop.
WARNING:PhysDesignRules:372 - Gated clock. Clock net
   fb_less_2d_gpu_i/current_state_s[4]_GND_2942_o_Mux_7020_o is sourced by a
   combinatorial pin. This is not good design practice. Use the CE pin to
   control the loading of data into the flip-flop.
WARNING:PhysDesignRules:372 - Gated clock. Clock net
   fb_less_2d_gpu_i/current_state_s[4]_GND_2782_o_Mux_6700_o is sourced by a
   combinatorial pin. This is not good design practice. Use the CE pin to
   control the loading of data into the flip-flop.
WARNING:PhysDesignRules:372 - Gated clock. Clock net
   fb_less_2d_gpu_i/Mram__n920610 is sourced by a combinatorial pin. This is not
   good design practice. Use the CE pin to control the loading of data into the
   flip-flop.

Design Summary
--------------

Design Summary:
Number of errors:      0
Number of warnings:  202
Slice Logic Utilization:
  Number of Slice Registers:                 4,810 out of  54,576    8%
    Number used as Flip Flops:               1,897
    Number used as Latches:                  2,913
    Number used as Latch-thrus:                  0
    Number used as AND/OR logics:                0
  Number of Slice LUTs:                      2,763 out of  27,288   10%
    Number used as logic:                    2,299 out of  27,288    8%
      Number using O6 output only:           1,818
      Number using O5 output only:              83
      Number using O5 and O6:                  398
      Number used as ROM:                        0
    Number used as Memory:                       4 out of   6,408    1%
      Number used as Dual Port RAM:              4
        Number using O6 output only:             4
        Number using O5 output only:             0
        Number using O5 and O6:                  0
      Number used as Single Port RAM:            0
      Number used as Shift Register:             0
    Number used exclusively as route-thrus:    460
      Number with same-slice register load:    453
      Number with same-slice carry load:         7
      Number with other load:                    0

Slice Logic Distribution:
  Number of occupied Slices:                 1,360 out of   6,822   19%
  Number of MUXCYs used:                       232 out of  13,644    1%
  Number of LUT Flip Flop pairs used:        5,104
    Number with an unused Flip Flop:           752 out of   5,104   14%
    Number with an unused LUT:               2,341 out of   5,104   45%
    Number of fully used LUT-FF pairs:       2,011 out of   5,104   39%
    Number of unique control sets:             218
    Number of slice register sites lost
      to control set restrictions:             282 out of  54,576    1%

  A LUT Flip Flop pair for this architecture represents one LUT paired with
  one Flip Flop within a slice.  A control set is a unique combination of
  clock, reset, set, and enable signals for a registered element.
  The Slice Logic Distribution report is not meaningful if the design is
  over-mapped for a non-slice resource or if Placement fails.

IO Utilization:
  Number of bonded IOBs:                        32 out of     358    8%
    Number of LOCed IOBs:                       32 out of      32  100%

Specific Feature Utilization:
  Number of RAMB16BWERs:                        15 out of     116   12%
  Number of RAMB8BWERs:                          0 out of     232    0%
  Number of BUFIO2/BUFIO2_2CLKs:                 1 out of      32    3%
    Number used as BUFIO2s:                      1
    Number used as BUFIO2_2CLKs:                 0
  Number of BUFIO2FB/BUFIO2FB_2CLKs:             1 out of      32    3%
    Number used as BUFIO2FBs:                    1
    Number used as BUFIO2FB_2CLKs:               0
  Number of BUFG/BUFGMUXs:                       8 out of      16   50%
    Number used as BUFGs:                        8
    Number used as BUFGMUX:                      0
  Number of DCM/DCM_CLKGENs:                     1 out of       8   12%
    Number used as DCMs:                         1
    Number used as DCM_CLKGENs:                  0
  Number of ILOGIC2/ISERDES2s:                   0 out of     376    0%
  Number of IODELAY2/IODRP2/IODRP2_MCBs:         0 out of     376    0%
  Number of OLOGIC2/OSERDES2s:                   0 out of     376    0%
  Number of BSCANs:                              0 out of       4    0%
  Number of BUFHs:                               0 out of     256    0%
  Number of BUFPLLs:                             0 out of       8    0%
  Number of BUFPLL_MCBs:                         0 out of       4    0%
  Number of DSP48A1s:                            5 out of      58    8%
  Number of ICAPs:                               0 out of       1    0%
  Number of MCBs:                                0 out of       2    0%
  Number of PCILOGICSEs:                         0 out of       2    0%
  Number of PLL_ADVs:                            0 out of       4    0%
  Number of PMVs:                                0 out of       1    0%
  Number of STARTUPs:                            0 out of       1    0%
  Number of SUSPEND_SYNCs:                       0 out of       1    0%

Average Fanout of Non-Clock Nets:                2.57

Peak Memory Usage:  516 MB
Total REAL time to MAP completion:  1 mins 57 secs 
Total CPU time to MAP completion:   1 mins 41 secs 

Mapping completed.
See MAP report file "fb_less_2d_gpu_standalone_map.mrp" for details.
