AR fb_less_2d_gpu behavioral D:/Sabac_i_Radenkovic/FBless_2D_GPU/pcores/fb_less_2d_gpu_periph_v1_00_a/devl/projnav/../../hdl/vhdl/fb_less_2d_gpu.vhd sub00/vhpl03 1496297788
EN fb_less_2d_gpu NULL D:/Sabac_i_Radenkovic/FBless_2D_GPU/pcores/fb_less_2d_gpu_periph_v1_00_a/devl/projnav/../../hdl/vhdl/fb_less_2d_gpu.vhd sub00/vhpl02 1496297787
EN ram NULL D:/FBless_2D_GPU/pcores/fb_less_2d_gpu_periph_v1_00_a/devl/projnav/../../hdl/vhdl/ram.vhd sub00/vhpl00 1495971179
AR ram arch D:/FBless_2D_GPU/pcores/fb_less_2d_gpu_periph_v1_00_a/devl/projnav/../../hdl/vhdl/ram.vhd sub00/vhpl01 1495971180
