V3 7
FL D:/FBless_2D_GPU/pcores/fb_less_2d_gpu_periph_v1_00_a/devl/projnav/../../hdl/vhdl/fb_less_2d_gpu.vhd 2017/05/31.10:44:18 P.68d
FL D:/FBless_2D_GPU/pcores/fb_less_2d_gpu_periph_v1_00_a/devl/projnav/../../hdl/vhdl/ram.vhd 2017/05/23.20:39:13 P.68d
EN fb_less_2d_gpu_periph_v1_00_a/ram 1495971179 \
      FL D:/FBless_2D_GPU/pcores/fb_less_2d_gpu_periph_v1_00_a/devl/projnav/../../hdl/vhdl/ram.vhd \
      PB ieee/std_logic_1164 1370735607 PB ieee/NUMERIC_STD 1370735611
AR fb_less_2d_gpu_periph_v1_00_a/ram/arch 1495971180 \
      FL D:/FBless_2D_GPU/pcores/fb_less_2d_gpu_periph_v1_00_a/devl/projnav/../../hdl/vhdl/ram.vhd \
      EN fb_less_2d_gpu_periph_v1_00_a/ram 1495971179
FL D:/Sabac_i_Radenkovic/FBless_2D_GPU/pcores/fb_less_2d_gpu_periph_v1_00_a/devl/projnav/../../hdl/vhdl/fb_less_2d_gpu.vhd 2017/06/01.08:14:35 P.68d
EN fb_less_2d_gpu_periph_v1_00_a/fb_less_2d_gpu 1496297787 \
      FL D:/Sabac_i_Radenkovic/FBless_2D_GPU/pcores/fb_less_2d_gpu_periph_v1_00_a/devl/projnav/../../hdl/vhdl/fb_less_2d_gpu.vhd \
      PB ieee/std_logic_1164 1370735607 PB ieee/NUMERIC_STD 1370735611
AR fb_less_2d_gpu_periph_v1_00_a/fb_less_2d_gpu/Behavioral 1496297788 \
      FL D:/Sabac_i_Radenkovic/FBless_2D_GPU/pcores/fb_less_2d_gpu_periph_v1_00_a/devl/projnav/../../hdl/vhdl/fb_less_2d_gpu.vhd \
      EN fb_less_2d_gpu_periph_v1_00_a/fb_less_2d_gpu 1496297787
